// Jest Snapshot v1, https://goo.gl/fbAQLP

exports[`Skip renders well 1`] = `
<View
  style={
    Object {
      "flexDirection": "row",
      "justifyContent": "flex-end",
      "padding": 20,
    }
  }
>
  <View
    accessible={true}
    isTVSelectable={true}
    onResponderGrant={[Function]}
    onResponderMove={[Function]}
    onResponderRelease={[Function]}
    onResponderTerminate={[Function]}
    onResponderTerminationRequest={[Function]}
    onStartShouldSetResponder={[Function]}
    style={null}
  >
    <Text
      style={
        Array [
          Object {
            "fontSize": 16,
            "fontWeight": "bold",
          },
          Object {
            "color": "#FAFAFA",
          },
        ]
      }
    >
      Skip
    </Text>
  </View>
</View>
`;
